Archive member included to satisfy reference by file (symbol)

c:/program files (x86)/atmel/studio/7.0/toolchain/avr8/avr8-gnu-toolchain/bin/../lib/gcc/avr/5.4.0/avr5\libgcc.a(_udivmodhi4.o)
                              FreeRTOS/source/queue.o (__udivmodhi4)
c:/program files (x86)/atmel/studio/7.0/toolchain/avr8/avr8-gnu-toolchain/bin/../lib/gcc/avr/5.4.0/avr5\libgcc.a(_exit.o)
                              C:/Program Files (x86)/Atmel/Studio/7.0/Packs/atmel/ATmega_DFP/1.6.364/gcc/dev/atmega328p/avr5/crtatmega328p.o (exit)
c:/program files (x86)/atmel/studio/7.0/toolchain/avr8/avr8-gnu-toolchain/bin/../lib/gcc/avr/5.4.0/avr5\libgcc.a(_copy_data.o)
                              FreeRTOS/source/heap_2.o (__do_copy_data)
c:/program files (x86)/atmel/studio/7.0/toolchain/avr8/avr8-gnu-toolchain/bin/../lib/gcc/avr/5.4.0/avr5\libgcc.a(_clear_bss.o)
                              FreeRTOS/source/croutine.o (__do_clear_bss)
c:/program files (x86)/atmel/studio/7.0/toolchain/avr8/avr8-gnu-toolchain/bin/../lib/gcc/avr/5.4.0/../../../../avr/lib/avr5\libc.a(memcpy.o)
                              FreeRTOS/source/queue.o (memcpy)

Allocating common symbols
Common symbol       size              file

Mutex1              0x2               main.o

Discarded input sections

 .data          0x00000000        0x0 C:/Program Files (x86)/Atmel/Studio/7.0/Packs/atmel/ATmega_DFP/1.6.364/gcc/dev/atmega328p/avr5/crtatmega328p.o
 .bss           0x00000000        0x0 C:/Program Files (x86)/Atmel/Studio/7.0/Packs/atmel/ATmega_DFP/1.6.364/gcc/dev/atmega328p/avr5/crtatmega328p.o
 .text          0x00000000        0x0 drivers/GPIO.o
 .data          0x00000000        0x0 drivers/GPIO.o
 .bss           0x00000000        0x0 drivers/GPIO.o
 .text.inp      0x00000000       0xa4 drivers/GPIO.o
 .text.inp_up   0x00000000       0xbc drivers/GPIO.o
 .text.read     0x00000000       0xbe drivers/GPIO.o
 .text.toggle   0x00000000       0x9e drivers/GPIO.o
 .text          0x00000000        0x0 drivers/uart.o
 .data          0x00000000        0x0 drivers/uart.o
 .bss           0x00000000        0x0 drivers/uart.o
 .text.UART_recieve
                0x00000000        0xe drivers/uart.o
 .text          0x00000000        0x0 FreeRTOS/portable/port.o
 .data          0x00000000        0x0 FreeRTOS/portable/port.o
 .bss           0x00000000        0x0 FreeRTOS/portable/port.o
 .text.vPortEndScheduler
                0x00000000        0x2 FreeRTOS/portable/port.o
 .text          0x00000000        0x0 FreeRTOS/source/croutine.o
 .data          0x00000000        0x0 FreeRTOS/source/croutine.o
 .bss           0x00000000        0x0 FreeRTOS/source/croutine.o
 .text.prvInitialiseCoRoutineLists
                0x00000000       0x5e FreeRTOS/source/croutine.o
 .text.prvCheckPendingReadyList
                0x00000000       0x6c FreeRTOS/source/croutine.o
 .text.prvCheckDelayedList
                0x00000000      0x106 FreeRTOS/source/croutine.o
 .text.xCoRoutineCreate
                0x00000000       0xba FreeRTOS/source/croutine.o
 .text.vCoRoutineAddToDelayedList
                0x00000000       0x86 FreeRTOS/source/croutine.o
 .text.vCoRoutineSchedule
                0x00000000       0xbe FreeRTOS/source/croutine.o
 .text.xCoRoutineRemoveFromEventList
                0x00000000       0x4c FreeRTOS/source/croutine.o
 .bss.xPassedTicks
                0x00000000        0x2 FreeRTOS/source/croutine.o
 .bss.xLastTickCount
                0x00000000        0x2 FreeRTOS/source/croutine.o
 .bss.xCoRoutineTickCount
                0x00000000        0x2 FreeRTOS/source/croutine.o
 .bss.uxTopCoRoutineReadyPriority
                0x00000000        0x1 FreeRTOS/source/croutine.o
 .bss.pxCurrentCoRoutine
                0x00000000        0x2 FreeRTOS/source/croutine.o
 .bss.xPendingReadyCoRoutineList
                0x00000000        0x9 FreeRTOS/source/croutine.o
 .bss.pxOverflowDelayedCoRoutineList
                0x00000000        0x2 FreeRTOS/source/croutine.o
 .bss.pxDelayedCoRoutineList
                0x00000000        0x2 FreeRTOS/source/croutine.o
 .bss.xDelayedCoRoutineList2
                0x00000000        0x9 FreeRTOS/source/croutine.o
 .bss.xDelayedCoRoutineList1
                0x00000000        0x9 FreeRTOS/source/croutine.o
 .bss.pxReadyCoRoutineLists
                0x00000000       0x12 FreeRTOS/source/croutine.o
 .debug_info    0x00000000      0x72d FreeRTOS/source/croutine.o
 .debug_abbrev  0x00000000      0x205 FreeRTOS/source/croutine.o
 .debug_loc     0x00000000      0x3f0 FreeRTOS/source/croutine.o
 .debug_aranges
                0x00000000       0x50 FreeRTOS/source/croutine.o
 .debug_ranges  0x00000000       0x40 FreeRTOS/source/croutine.o
 .debug_line    0x00000000      0x3e3 FreeRTOS/source/croutine.o
 .debug_str     0x00000000      0x559 FreeRTOS/source/croutine.o
 .comment       0x00000000       0x31 FreeRTOS/source/croutine.o
 .debug_frame   0x00000000      0x100 FreeRTOS/source/croutine.o
 .text          0x00000000        0x0 FreeRTOS/source/event_groups.o
 .data          0x00000000        0x0 FreeRTOS/source/event_groups.o
 .bss           0x00000000        0x0 FreeRTOS/source/event_groups.o
 .text.prvTestWaitCondition
                0x00000000       0x26 FreeRTOS/source/event_groups.o
 .text.xEventGroupCreate
                0x00000000       0x26 FreeRTOS/source/event_groups.o
 .text.xEventGroupWaitBits
                0x00000000       0xe4 FreeRTOS/source/event_groups.o
 .text.xEventGroupClearBits
                0x00000000       0x1e FreeRTOS/source/event_groups.o
 .text.xEventGroupGetBitsFromISR
                0x00000000        0x8 FreeRTOS/source/event_groups.o
 .text.xEventGroupSetBits
                0x00000000       0xc8 FreeRTOS/source/event_groups.o
 .text.xEventGroupSync
                0x00000000       0xd6 FreeRTOS/source/event_groups.o
 .text.vEventGroupDelete
                0x00000000       0x2e FreeRTOS/source/event_groups.o
 .text.vEventGroupSetBitsCallback
                0x00000000        0x8 FreeRTOS/source/event_groups.o
 .text.vEventGroupClearBitsCallback
                0x00000000        0x8 FreeRTOS/source/event_groups.o
 .debug_info    0x00000000      0x8df FreeRTOS/source/event_groups.o
 .debug_abbrev  0x00000000      0x1dc FreeRTOS/source/event_groups.o
 .debug_loc     0x00000000      0xb41 FreeRTOS/source/event_groups.o
 .debug_aranges
                0x00000000       0x68 FreeRTOS/source/event_groups.o
 .debug_ranges  0x00000000       0x70 FreeRTOS/source/event_groups.o
 .debug_line    0x00000000      0x434 FreeRTOS/source/event_groups.o
 .debug_str     0x00000000      0x5a3 FreeRTOS/source/event_groups.o
 .comment       0x00000000       0x31 FreeRTOS/source/event_groups.o
 .debug_frame   0x00000000      0x15c FreeRTOS/source/event_groups.o
 .text          0x00000000        0x0 FreeRTOS/source/heap_2.o
 .data          0x00000000        0x0 FreeRTOS/source/heap_2.o
 .bss           0x00000000        0x0 FreeRTOS/source/heap_2.o
 .text.xPortGetFreeHeapSize
                0x00000000        0xa FreeRTOS/source/heap_2.o
 .text.vPortInitialiseBlocks
                0x00000000        0x2 FreeRTOS/source/heap_2.o
 .text          0x00000000        0x0 FreeRTOS/source/list.o
 .data          0x00000000        0x0 FreeRTOS/source/list.o
 .bss           0x00000000        0x0 FreeRTOS/source/list.o
 .text.vListInsertEnd
                0x00000000       0x42 FreeRTOS/source/list.o
 .text          0x00000000        0x0 FreeRTOS/source/queue.o
 .data          0x00000000        0x0 FreeRTOS/source/queue.o
 .bss           0x00000000        0x0 FreeRTOS/source/queue.o
 .text.prvCopyDataFromQueue
                0x00000000       0x34 FreeRTOS/source/queue.o
 .text.xQueueCreateCountingSemaphore
                0x00000000       0x2c FreeRTOS/source/queue.o
 .text.xQueueGiveMutexRecursive
                0x00000000       0x46 FreeRTOS/source/queue.o
 .text.xQueueGenericSendFromISR
                0x00000000       0x78 FreeRTOS/source/queue.o
 .text.xQueueGiveFromISR
                0x00000000       0x52 FreeRTOS/source/queue.o
 .text.xQueueReceive
                0x00000000      0x11e FreeRTOS/source/queue.o
 .text.xQueueTakeMutexRecursive
                0x00000000       0x48 FreeRTOS/source/queue.o
 .text.xQueuePeek
                0x00000000      0x122 FreeRTOS/source/queue.o
 .text.xQueueReceiveFromISR
                0x00000000       0x6e FreeRTOS/source/queue.o
 .text.xQueuePeekFromISR
                0x00000000       0x2e FreeRTOS/source/queue.o
 .text.uxQueueMessagesWaiting
                0x00000000       0x10 FreeRTOS/source/queue.o
 .text.uxQueueSpacesAvailable
                0x00000000       0x16 FreeRTOS/source/queue.o
 .text.uxQueueMessagesWaitingFromISR
                0x00000000        0x6 FreeRTOS/source/queue.o
 .text.vQueueDelete
                0x00000000        0x6 FreeRTOS/source/queue.o
 .text.xQueueIsQueueEmptyFromISR
                0x00000000       0x10 FreeRTOS/source/queue.o
 .text.xQueueIsQueueFullFromISR
                0x00000000       0x12 FreeRTOS/source/queue.o
 .text.xQueueCRSend
                0x00000000       0x80 FreeRTOS/source/queue.o
 .text.xQueueCRReceive
                0x00000000       0x92 FreeRTOS/source/queue.o
 .text.xQueueCRSendFromISR
                0x00000000       0x4c FreeRTOS/source/queue.o
 .text.xQueueCRReceiveFromISR
                0x00000000       0x82 FreeRTOS/source/queue.o
 .text          0x00000000        0x0 FreeRTOS/source/stream_buffer.o
 .data          0x00000000        0x0 FreeRTOS/source/stream_buffer.o
 .bss           0x00000000        0x0 FreeRTOS/source/stream_buffer.o
 .text.prvBytesInBuffer
                0x00000000       0x26 FreeRTOS/source/stream_buffer.o
 .text.prvInitialiseNewStreamBuffer
                0x00000000       0x20 FreeRTOS/source/stream_buffer.o
 .text.prvWriteBytesToBuffer
                0x00000000       0x88 FreeRTOS/source/stream_buffer.o
 .text.prvWriteMessageToBuffer
                0x00000000       0x90 FreeRTOS/source/stream_buffer.o
 .text.prvReadBytesFromBuffer
                0x00000000       0x88 FreeRTOS/source/stream_buffer.o
 .text.prvReadMessageFromBuffer
                0x00000000       0x90 FreeRTOS/source/stream_buffer.o
 .text.xStreamBufferGenericCreate
                0x00000000       0x68 FreeRTOS/source/stream_buffer.o
 .text.vStreamBufferDelete
                0x00000000       0x1a FreeRTOS/source/stream_buffer.o
 .text.xStreamBufferReset
                0x00000000       0x3e FreeRTOS/source/stream_buffer.o
 .text.xStreamBufferSetTriggerLevel
                0x00000000       0x22 FreeRTOS/source/stream_buffer.o
 .text.xStreamBufferSpacesAvailable
                0x00000000       0x34 FreeRTOS/source/stream_buffer.o
 .text.xStreamBufferBytesAvailable
                0x00000000        0x6 FreeRTOS/source/stream_buffer.o
 .text.xStreamBufferSend
                0x00000000      0x174 FreeRTOS/source/stream_buffer.o
 .text.xStreamBufferSendFromISR
                0x00000000       0x8e FreeRTOS/source/stream_buffer.o
 .text.xStreamBufferReceive
                0x00000000      0x102 FreeRTOS/source/stream_buffer.o
 .text.xStreamBufferNextMessageLengthBytes
                0x00000000       0x54 FreeRTOS/source/stream_buffer.o
 .text.xStreamBufferReceiveFromISR
                0x00000000       0x8a FreeRTOS/source/stream_buffer.o
 .text.xStreamBufferIsEmpty
                0x00000000       0x18 FreeRTOS/source/stream_buffer.o
 .text.xStreamBufferIsFull
                0x00000000       0x2c FreeRTOS/source/stream_buffer.o
 .text.xStreamBufferSendCompletedFromISR
                0x00000000       0x4c FreeRTOS/source/stream_buffer.o
 .text.xStreamBufferReceiveCompletedFromISR
                0x00000000       0x4c FreeRTOS/source/stream_buffer.o
 .debug_info    0x00000000     0x12b9 FreeRTOS/source/stream_buffer.o
 .debug_abbrev  0x00000000      0x22a FreeRTOS/source/stream_buffer.o
 .debug_loc     0x00000000     0x1bac FreeRTOS/source/stream_buffer.o
 .debug_aranges
                0x00000000       0xc0 FreeRTOS/source/stream_buffer.o
 .debug_ranges  0x00000000       0xb0 FreeRTOS/source/stream_buffer.o
 .debug_line    0x00000000      0x7a1 FreeRTOS/source/stream_buffer.o
 .debug_str     0x00000000      0x7c4 FreeRTOS/source/stream_buffer.o
 .comment       0x00000000       0x31 FreeRTOS/source/stream_buffer.o
 .debug_frame   0x00000000      0x3e8 FreeRTOS/source/stream_buffer.o
 .text          0x00000000        0x0 FreeRTOS/source/tasks.o
 .data          0x00000000        0x0 FreeRTOS/source/tasks.o
 .bss           0x00000000        0x0 FreeRTOS/source/tasks.o
 .text.prvTaskIsTaskSuspended
                0x00000000       0x2e FreeRTOS/source/tasks.o
 .text.prvSearchForNameWithinSingleList
                0x00000000       0xea FreeRTOS/source/tasks.o
 .text.vTaskDelete
                0x00000000       0xb0 FreeRTOS/source/tasks.o
 .text.uxTaskPriorityGet
                0x00000000       0x1e FreeRTOS/source/tasks.o
 .text.uxTaskPriorityGetFromISR
                0x00000000       0x14 FreeRTOS/source/tasks.o
 .text.vTaskPrioritySet
                0x00000000      0x13e FreeRTOS/source/tasks.o
 .text.vTaskResume
                0x00000000       0xcc FreeRTOS/source/tasks.o
 .text.xTaskResumeFromISR
                0x00000000       0xda FreeRTOS/source/tasks.o
 .text.vTaskEndScheduler
                0x00000000        0xc FreeRTOS/source/tasks.o
 .text.xTaskGetTickCount
                0x00000000       0x14 FreeRTOS/source/tasks.o
 .text.xTaskGetTickCountFromISR
                0x00000000        0xa FreeRTOS/source/tasks.o
 .text.uxTaskGetNumberOfTasks
                0x00000000        0x6 FreeRTOS/source/tasks.o
 .text.pcTaskGetName
                0x00000000       0x10 FreeRTOS/source/tasks.o
 .text.xTaskDelayUntil
                0x00000000       0x84 FreeRTOS/source/tasks.o
 .text.vTaskDelay
                0x00000000       0x2c FreeRTOS/source/tasks.o
 .text.xTaskGetHandle
                0x00000000       0xa0 FreeRTOS/source/tasks.o
 .text.xTaskCatchUpTicks
                0x00000000       0x28 FreeRTOS/source/tasks.o
 .text.vTaskSuspend
                0x00000000       0xc2 FreeRTOS/source/tasks.o
 .text.vTaskPlaceOnUnorderedEventList
                0x00000000       0x8c FreeRTOS/source/tasks.o
 .text.vTaskRemoveFromUnorderedEventList
                0x00000000      0x14c FreeRTOS/source/tasks.o
 .text.vTaskSetTimeOutState
                0x00000000       0x20 FreeRTOS/source/tasks.o
 .text.xTaskGetCurrentTaskHandle
                0x00000000        0xa FreeRTOS/source/tasks.o
 .text.uxTaskResetEventItemValue
                0x00000000       0x2e FreeRTOS/source/tasks.o
 .text.ulTaskGenericNotifyTake
                0x00000000      0x106 FreeRTOS/source/tasks.o
 .text.xTaskGenericNotifyWait
                0x00000000      0x142 FreeRTOS/source/tasks.o
 .text.xTaskGenericNotify
                0x00000000      0x20a FreeRTOS/source/tasks.o
 .text.xTaskGenericNotifyFromISR
                0x00000000      0x260 FreeRTOS/source/tasks.o
 .text.vTaskGenericNotifyGiveFromISR
                0x00000000      0x194 FreeRTOS/source/tasks.o
 .text.xTaskGenericNotifyStateClear
                0x00000000       0x34 FreeRTOS/source/tasks.o
 .text.ulTaskGenericNotifyValueClear
                0x00000000       0x6c FreeRTOS/source/tasks.o
 .text          0x00000000        0x0 FreeRTOS/source/timers.o
 .data          0x00000000        0x0 FreeRTOS/source/timers.o
 .bss           0x00000000        0x0 FreeRTOS/source/timers.o
 .debug_info    0x00000000       0x64 FreeRTOS/source/timers.o
 .debug_abbrev  0x00000000       0x26 FreeRTOS/source/timers.o
 .debug_aranges
                0x00000000       0x18 FreeRTOS/source/timers.o
 .debug_line    0x00000000       0x1a FreeRTOS/source/timers.o
 .debug_str     0x00000000      0x18d FreeRTOS/source/timers.o
 .comment       0x00000000       0x31 FreeRTOS/source/timers.o
 .text          0x00000000        0x0 main.o
 .data          0x00000000        0x0 main.o
 .bss           0x00000000        0x0 main.o
 .text          0x00000000        0x0 c:/program files (x86)/atmel/studio/7.0/toolchain/avr8/avr8-gnu-toolchain/bin/../lib/gcc/avr/5.4.0/avr5\libgcc.a(_udivmodhi4.o)
 .data          0x00000000        0x0 c:/program files (x86)/atmel/studio/7.0/toolchain/avr8/avr8-gnu-toolchain/bin/../lib/gcc/avr/5.4.0/avr5\libgcc.a(_udivmodhi4.o)
 .bss           0x00000000        0x0 c:/program files (x86)/atmel/studio/7.0/toolchain/avr8/avr8-gnu-toolchain/bin/../lib/gcc/avr/5.4.0/avr5\libgcc.a(_udivmodhi4.o)
 .text.libgcc.mul
                0x00000000        0x0 c:/program files (x86)/atmel/studio/7.0/toolchain/avr8/avr8-gnu-toolchain/bin/../lib/gcc/avr/5.4.0/avr5\libgcc.a(_udivmodhi4.o)
 .text.libgcc   0x00000000        0x0 c:/program files (x86)/atmel/studio/7.0/toolchain/avr8/avr8-gnu-toolchain/bin/../lib/gcc/avr/5.4.0/avr5\libgcc.a(_udivmodhi4.o)
 .text.libgcc.prologue
                0x00000000        0x0 c:/program files (x86)/atmel/studio/7.0/toolchain/avr8/avr8-gnu-toolchain/bin/../lib/gcc/avr/5.4.0/avr5\libgcc.a(_udivmodhi4.o)
 .text.libgcc.builtins
                0x00000000        0x0 c:/program files (x86)/atmel/studio/7.0/toolchain/avr8/avr8-gnu-toolchain/bin/../lib/gcc/avr/5.4.0/avr5\libgcc.a(_udivmodhi4.o)
 .text.libgcc.fmul
                0x00000000        0x0 c:/program files (x86)/atmel/studio/7.0/toolchain/avr8/avr8-gnu-toolchain/bin/../lib/gcc/avr/5.4.0/avr5\libgcc.a(_udivmodhi4.o)
 .text.libgcc.fixed
                0x00000000        0x0 c:/program files (x86)/atmel/studio/7.0/toolchain/avr8/avr8-gnu-toolchain/bin/../lib/gcc/avr/5.4.0/avr5\libgcc.a(_udivmodhi4.o)
 .text          0x00000000        0x0 c:/program files (x86)/atmel/studio/7.0/toolchain/avr8/avr8-gnu-toolchain/bin/../lib/gcc/avr/5.4.0/avr5\libgcc.a(_exit.o)
 .data          0x00000000        0x0 c:/program files (x86)/atmel/studio/7.0/toolchain/avr8/avr8-gnu-toolchain/bin/../lib/gcc/avr/5.4.0/avr5\libgcc.a(_exit.o)
 .bss           0x00000000        0x0 c:/program files (x86)/atmel/studio/7.0/toolchain/avr8/avr8-gnu-toolchain/bin/../lib/gcc/avr/5.4.0/avr5\libgcc.a(_exit.o)
 .text.libgcc.mul
                0x00000000        0x0 c:/program files (x86)/atmel/studio/7.0/toolchain/avr8/avr8-gnu-toolchain/bin/../lib/gcc/avr/5.4.0/avr5\libgcc.a(_exit.o)
 .text.libgcc.div
                0x00000000        0x0 c:/program files (x86)/atmel/studio/7.0/toolchain/avr8/avr8-gnu-toolchain/bin/../lib/gcc/avr/5.4.0/avr5\libgcc.a(_exit.o)
 .text.libgcc   0x00000000        0x0 c:/program files (x86)/atmel/studio/7.0/toolchain/avr8/avr8-gnu-toolchain/bin/../lib/gcc/avr/5.4.0/avr5\libgcc.a(_exit.o)
 .text.libgcc.prologue
                0x00000000        0x0 c:/program files (x86)/atmel/studio/7.0/toolchain/avr8/avr8-gnu-toolchain/bin/../lib/gcc/avr/5.4.0/avr5\libgcc.a(_exit.o)
 .text.libgcc.builtins
                0x00000000        0x0 c:/program files (x86)/atmel/studio/7.0/toolchain/avr8/avr8-gnu-toolchain/bin/../lib/gcc/avr/5.4.0/avr5\libgcc.a(_exit.o)
 .text.libgcc.fmul
                0x00000000        0x0 c:/program files (x86)/atmel/studio/7.0/toolchain/avr8/avr8-gnu-toolchain/bin/../lib/gcc/avr/5.4.0/avr5\libgcc.a(_exit.o)
 .text.libgcc.fixed
                0x00000000        0x0 c:/program files (x86)/atmel/studio/7.0/toolchain/avr8/avr8-gnu-toolchain/bin/../lib/gcc/avr/5.4.0/avr5\libgcc.a(_exit.o)
 .text          0x00000000        0x0 c:/program files (x86)/atmel/studio/7.0/toolchain/avr8/avr8-gnu-toolchain/bin/../lib/gcc/avr/5.4.0/avr5\libgcc.a(_copy_data.o)
 .data          0x00000000        0x0 c:/program files (x86)/atmel/studio/7.0/toolchain/avr8/avr8-gnu-toolchain/bin/../lib/gcc/avr/5.4.0/avr5\libgcc.a(_copy_data.o)
 .bss           0x00000000        0x0 c:/program files (x86)/atmel/studio/7.0/toolchain/avr8/avr8-gnu-toolchain/bin/../lib/gcc/avr/5.4.0/avr5\libgcc.a(_copy_data.o)
 .text.libgcc.mul
                0x00000000        0x0 c:/program files (x86)/atmel/studio/7.0/toolchain/avr8/avr8-gnu-toolchain/bin/../lib/gcc/avr/5.4.0/avr5\libgcc.a(_copy_data.o)
 .text.libgcc.div
                0x00000000        0x0 c:/program files (x86)/atmel/studio/7.0/toolchain/avr8/avr8-gnu-toolchain/bin/../lib/gcc/avr/5.4.0/avr5\libgcc.a(_copy_data.o)
 .text.libgcc   0x00000000        0x0 c:/program files (x86)/atmel/studio/7.0/toolchain/avr8/avr8-gnu-toolchain/bin/../lib/gcc/avr/5.4.0/avr5\libgcc.a(_copy_data.o)
 .text.libgcc.prologue
                0x00000000        0x0 c:/program files (x86)/atmel/studio/7.0/toolchain/avr8/avr8-gnu-toolchain/bin/../lib/gcc/avr/5.4.0/avr5\libgcc.a(_copy_data.o)
 .text.libgcc.builtins
                0x00000000        0x0 c:/program files (x86)/atmel/studio/7.0/toolchain/avr8/avr8-gnu-toolchain/bin/../lib/gcc/avr/5.4.0/avr5\libgcc.a(_copy_data.o)
 .text.libgcc.fmul
                0x00000000        0x0 c:/program files (x86)/atmel/studio/7.0/toolchain/avr8/avr8-gnu-toolchain/bin/../lib/gcc/avr/5.4.0/avr5\libgcc.a(_copy_data.o)
 .text.libgcc.fixed
                0x00000000        0x0 c:/program files (x86)/atmel/studio/7.0/toolchain/avr8/avr8-gnu-toolchain/bin/../lib/gcc/avr/5.4.0/avr5\libgcc.a(_copy_data.o)
 .text          0x00000000        0x0 c:/program files (x86)/atmel/studio/7.0/toolchain/avr8/avr8-gnu-toolchain/bin/../lib/gcc/avr/5.4.0/avr5\libgcc.a(_clear_bss.o)
 .data          0x00000000        0x0 c:/program files (x86)/atmel/studio/7.0/toolchain/avr8/avr8-gnu-toolchain/bin/../lib/gcc/avr/5.4.0/avr5\libgcc.a(_clear_bss.o)
 .bss           0x00000000        0x0 c:/program files (x86)/atmel/studio/7.0/toolchain/avr8/avr8-gnu-toolchain/bin/../lib/gcc/avr/5.4.0/avr5\libgcc.a(_clear_bss.o)
 .text.libgcc.mul
                0x00000000        0x0 c:/program files (x86)/atmel/studio/7.0/toolchain/avr8/avr8-gnu-toolchain/bin/../lib/gcc/avr/5.4.0/avr5\libgcc.a(_clear_bss.o)
 .text.libgcc.div
                0x00000000        0x0 c:/program files (x86)/atmel/studio/7.0/toolchain/avr8/avr8-gnu-toolchain/bin/../lib/gcc/avr/5.4.0/avr5\libgcc.a(_clear_bss.o)
 .text.libgcc   0x00000000        0x0 c:/program files (x86)/atmel/studio/7.0/toolchain/avr8/avr8-gnu-toolchain/bin/../lib/gcc/avr/5.4.0/avr5\libgcc.a(_clear_bss.o)
 .text.libgcc.prologue
                0x00000000        0x0 c:/program files (x86)/atmel/studio/7.0/toolchain/avr8/avr8-gnu-toolchain/bin/../lib/gcc/avr/5.4.0/avr5\libgcc.a(_clear_bss.o)
 .text.libgcc.builtins
                0x00000000        0x0 c:/program files (x86)/atmel/studio/7.0/toolchain/avr8/avr8-gnu-toolchain/bin/../lib/gcc/avr/5.4.0/avr5\libgcc.a(_clear_bss.o)
 .text.libgcc.fmul
                0x00000000        0x0 c:/program files (x86)/atmel/studio/7.0/toolchain/avr8/avr8-gnu-toolchain/bin/../lib/gcc/avr/5.4.0/avr5\libgcc.a(_clear_bss.o)
 .text.libgcc.fixed
                0x00000000        0x0 c:/program files (x86)/atmel/studio/7.0/toolchain/avr8/avr8-gnu-toolchain/bin/../lib/gcc/avr/5.4.0/avr5\libgcc.a(_clear_bss.o)
 .text          0x00000000        0x0 c:/program files (x86)/atmel/studio/7.0/toolchain/avr8/avr8-gnu-toolchain/bin/../lib/gcc/avr/5.4.0/../../../../avr/lib/avr5\libc.a(memcpy.o)
 .data          0x00000000        0x0 c:/program files (x86)/atmel/studio/7.0/toolchain/avr8/avr8-gnu-toolchain/bin/../lib/gcc/avr/5.4.0/../../../../avr/lib/avr5\libc.a(memcpy.o)
 .bss           0x00000000        0x0 c:/program files (x86)/atmel/studio/7.0/toolchain/avr8/avr8-gnu-toolchain/bin/../lib/gcc/avr/5.4.0/../../../../avr/lib/avr5\libc.a(memcpy.o)

Memory Configuration

Name             Origin             Length             Attributes
text             0x00000000         0x00008000         xr
data             0x00800100         0x00000800         rw !x
eeprom           0x00810000         0x00000400         rw !x
fuse             0x00820000         0x00000003         rw !x
lock             0x00830000         0x00000400         rw !x
signature        0x00840000         0x00000400         rw !x
user_signatures  0x00850000         0x00000400         rw !x
*default*        0x00000000         0xffffffff

Linker script and memory map

Address of section .data set to 0x800100
LOAD C:/Program Files (x86)/Atmel/Studio/7.0/Packs/atmel/ATmega_DFP/1.6.364/gcc/dev/atmega328p/avr5/crtatmega328p.o
LOAD drivers/GPIO.o
LOAD drivers/uart.o
LOAD FreeRTOS/portable/port.o
LOAD FreeRTOS/source/croutine.o
LOAD FreeRTOS/source/event_groups.o
LOAD FreeRTOS/source/heap_2.o
LOAD FreeRTOS/source/list.o
LOAD FreeRTOS/source/queue.o
LOAD FreeRTOS/source/stream_buffer.o
LOAD FreeRTOS/source/tasks.o
LOAD FreeRTOS/source/timers.o
LOAD main.o
START GROUP
LOAD c:/program files (x86)/atmel/studio/7.0/toolchain/avr8/avr8-gnu-toolchain/bin/../lib/gcc/avr/5.4.0/../../../../avr/lib/avr5\libm.a
END GROUP
START GROUP
LOAD c:/program files (x86)/atmel/studio/7.0/toolchain/avr8/avr8-gnu-toolchain/bin/../lib/gcc/avr/5.4.0/avr5\libgcc.a
LOAD c:/program files (x86)/atmel/studio/7.0/toolchain/avr8/avr8-gnu-toolchain/bin/../lib/gcc/avr/5.4.0/../../../../avr/lib/avr5\libm.a
LOAD c:/program files (x86)/atmel/studio/7.0/toolchain/avr8/avr8-gnu-toolchain/bin/../lib/gcc/avr/5.4.0/../../../../avr/lib/avr5\libc.a
LOAD C:/Program Files (x86)/Atmel/Studio/7.0/Packs/atmel/ATmega_DFP/1.6.364/gcc/dev/atmega328p/avr5\libatmega328p.a
END GROUP
                0x00000000                __TEXT_REGION_ORIGIN__ = DEFINED (__TEXT_REGION_ORIGIN__)?__TEXT_REGION_ORIGIN__:0x0
                [0x00800100]                __DATA_REGION_ORIGIN__ = DEFINED (__DATA_REGION_ORIGIN__)?__DATA_REGION_ORIGIN__:0x800060
                [0x00008000]                __TEXT_REGION_LENGTH__ = DEFINED (__TEXT_REGION_LENGTH__)?__TEXT_REGION_LENGTH__:0x20000
                [0x00000800]                __DATA_REGION_LENGTH__ = DEFINED (__DATA_REGION_LENGTH__)?__DATA_REGION_LENGTH__:0xffa0
                [0x00000400]                __EEPROM_REGION_LENGTH__ = DEFINED (__EEPROM_REGION_LENGTH__)?__EEPROM_REGION_LENGTH__:0x10000
                [0x00000003]                __FUSE_REGION_LENGTH__ = DEFINED (__FUSE_REGION_LENGTH__)?__FUSE_REGION_LENGTH__:0x400
                0x00000400                __LOCK_REGION_LENGTH__ = DEFINED (__LOCK_REGION_LENGTH__)?__LOCK_REGION_LENGTH__:0x400
                0x00000400                __SIGNATURE_REGION_LENGTH__ = DEFINED (__SIGNATURE_REGION_LENGTH__)?__SIGNATURE_REGION_LENGTH__:0x400
                0x00000400                __USER_SIGNATURE_REGION_LENGTH__ = DEFINED (__USER_SIGNATURE_REGION_LENGTH__)?__USER_SIGNATURE_REGION_LENGTH__:0x400

.hash
 *(.hash)

.dynsym
 *(.dynsym)

.dynstr
 *(.dynstr)

.gnu.version
 *(.gnu.version)

.gnu.version_d
 *(.gnu.version_d)

.gnu.version_r
 *(.gnu.version_r)

.rel.init
 *(.rel.init)

.rela.init
 *(.rela.init)

.rel.text
 *(.rel.text)
 *(.rel.text.*)
 *(.rel.gnu.linkonce.t*)

.rela.text
 *(.rela.text)
 *(.rela.text.*)
 *(.rela.gnu.linkonce.t*)

.rel.fini
 *(.rel.fini)

.rela.fini
 *(.rela.fini)

.rel.rodata
 *(.rel.rodata)
 *(.rel.rodata.*)
 *(.rel.gnu.linkonce.r*)

.rela.rodata
 *(.rela.rodata)
 *(.rela.rodata.*)
 *(.rela.gnu.linkonce.r*)

.rel.data
 *(.rel.data)
 *(.rel.data.*)
 *(.rel.gnu.linkonce.d*)

.rela.data
 *(.rela.data)
 *(.rela.data.*)
 *(.rela.gnu.linkonce.d*)

.rel.ctors
 *(.rel.ctors)

.rela.ctors
 *(.rela.ctors)

.rel.dtors
 *(.rel.dtors)

.rela.dtors
 *(.rela.dtors)

.rel.got
 *(.rel.got)

.rela.got
 *(.rela.got)

.rel.bss
 *(.rel.bss)

.rela.bss
 *(.rela.bss)

.rel.plt
 *(.rel.plt)

.rela.plt
 *(.rela.plt)

.text           0x00000000     0x1f16
 *(.vectors)
 .vectors       0x00000000       0x68 C:/Program Files (x86)/Atmel/Studio/7.0/Packs/atmel/ATmega_DFP/1.6.364/gcc/dev/atmega328p/avr5/crtatmega328p.o
                0x00000000                __vector_default
                0x00000000                __vectors
 *(.vectors)
 *(.progmem.gcc*)
                0x00000068                . = ALIGN (0x2)
                0x00000068                __trampolines_start = .
 *(.trampolines)
 .trampolines   0x00000068        0x0 linker stubs
 *(.trampolines*)
                0x00000068                __trampolines_end = .
 *libprintf_flt.a:*(.progmem.data)
 *libc.a:*(.progmem.data)
 *(.progmem*)
                0x00000068                . = ALIGN (0x2)
 *(.jumptables)
 *(.jumptables*)
 *(.lowtext)
 *(.lowtext*)
                0x00000068                __ctors_start = .
 *(.ctors)
                0x00000068                __ctors_end = .
                0x00000068                __dtors_start = .
 *(.dtors)
                0x00000068                __dtors_end = .
 SORT(*)(.ctors)
 SORT(*)(.dtors)
 *(.init0)
 .init0         0x00000068        0x0 C:/Program Files (x86)/Atmel/Studio/7.0/Packs/atmel/ATmega_DFP/1.6.364/gcc/dev/atmega328p/avr5/crtatmega328p.o
                0x00000068                __init
 *(.init0)
 *(.init1)
 *(.init1)
 *(.init2)
 .init2         0x00000068        0xc C:/Program Files (x86)/Atmel/Studio/7.0/Packs/atmel/ATmega_DFP/1.6.364/gcc/dev/atmega328p/avr5/crtatmega328p.o
 *(.init2)
 *(.init3)
 *(.init3)
 *(.init4)
 .init4         0x00000074       0x16 c:/program files (x86)/atmel/studio/7.0/toolchain/avr8/avr8-gnu-toolchain/bin/../lib/gcc/avr/5.4.0/avr5\libgcc.a(_copy_data.o)
                0x00000074                __do_copy_data
 .init4         0x0000008a       0x10 c:/program files (x86)/atmel/studio/7.0/toolchain/avr8/avr8-gnu-toolchain/bin/../lib/gcc/avr/5.4.0/avr5\libgcc.a(_clear_bss.o)
                0x0000008a                __do_clear_bss
 *(.init4)
 *(.init5)
 *(.init5)
 *(.init6)
 *(.init6)
 *(.init7)
 *(.init7)
 *(.init8)
 *(.init8)
 *(.init9)
 .init9         0x0000009a        0x8 C:/Program Files (x86)/Atmel/Studio/7.0/Packs/atmel/ATmega_DFP/1.6.364/gcc/dev/atmega328p/avr5/crtatmega328p.o
 *(.init9)
 *(.text)
 .text          0x000000a2        0x4 C:/Program Files (x86)/Atmel/Studio/7.0/Packs/atmel/ATmega_DFP/1.6.364/gcc/dev/atmega328p/avr5/crtatmega328p.o
                0x000000a2                __vector_22
                0x000000a2                __vector_1
                0x000000a2                __vector_24
                0x000000a2                __vector_12
                0x000000a2                __bad_interrupt
                0x000000a2                __vector_6
                0x000000a2                __vector_3
                0x000000a2                __vector_23
                0x000000a2                __vector_25
                0x000000a2                __vector_13
                0x000000a2                __vector_17
                0x000000a2                __vector_19
                0x000000a2                __vector_7
                0x000000a2                __vector_5
                0x000000a2                __vector_4
                0x000000a2                __vector_9
                0x000000a2                __vector_2
                0x000000a2                __vector_21
                0x000000a2                __vector_15
                0x000000a2                __vector_8
                0x000000a2                __vector_14
                0x000000a2                __vector_10
                0x000000a2                __vector_16
                0x000000a2                __vector_18
                0x000000a2                __vector_20
                0x000000a6                . = ALIGN (0x2)
 *(.text.*)
 .text.out      0x000000a6       0xe4 drivers/GPIO.o
                0x000000a6                out
 .text.UART_init
                0x0000018a       0x20 drivers/uart.o
                0x0000018a                UART_init
 .text.UATR_SEND
                0x000001aa        0xe drivers/uart.o
                0x000001aa                UATR_SEND
 .text.prvSetupTimerInterrupt
                0x000001b8       0x1e FreeRTOS/portable/port.o
 .text.pxPortInitialiseStack
                0x000001d6       0xd8 FreeRTOS/portable/port.o
                0x000001d6                pxPortInitialiseStack
 .text.xPortStartScheduler
                0x000002ae       0x5e FreeRTOS/portable/port.o
                0x000002ae                xPortStartScheduler
 .text.vPortYield
                0x0000030c       0xb2 FreeRTOS/portable/port.o
                0x0000030c                vPortYield
 .text.vPortYieldFromTick
                0x000003be       0xb8 FreeRTOS/portable/port.o
                0x000003be                vPortYieldFromTick
 .text.__vector_11
                0x00000476        0x6 FreeRTOS/portable/port.o
                0x00000476                __vector_11
 .text.prvHeapInit
                0x0000047c       0x36 FreeRTOS/source/heap_2.o
 .text.pvPortMalloc
                0x000004b2      0x12a FreeRTOS/source/heap_2.o
                0x000004b2                pvPortMalloc
 .text.vPortFree
                0x000005dc       0x66 FreeRTOS/source/heap_2.o
                0x000005dc                vPortFree
 .text.vListInitialise
                0x00000642       0x1c FreeRTOS/source/list.o
                0x00000642                vListInitialise
 .text.vListInitialiseItem
                0x0000065e        0x8 FreeRTOS/source/list.o
                0x0000065e                vListInitialiseItem
 .text.vListInsert
                0x00000666       0x62 FreeRTOS/source/list.o
                0x00000666                vListInsert
 .text.uxListRemove
                0x000006c8       0x4e FreeRTOS/source/list.o
                0x000006c8                uxListRemove
 .text.prvGetDisinheritPriorityAfterTimeout
                0x00000716       0x20 FreeRTOS/source/queue.o
 .text.prvIsQueueEmpty
                0x00000736       0x1a FreeRTOS/source/queue.o
 .text.prvIsQueueFull
                0x00000750       0x1c FreeRTOS/source/queue.o
 .text.prvCopyDataToQueue
                0x0000076c       0xbe FreeRTOS/source/queue.o
 .text.prvUnlockQueue
                0x0000082a       0x68 FreeRTOS/source/queue.o
 .text.xQueueGenericReset
                0x00000892       0xc0 FreeRTOS/source/queue.o
                0x00000892                xQueueGenericReset
 .text.prvInitialiseNewQueue
                0x00000952       0x26 FreeRTOS/source/queue.o
 .text.xQueueGenericCreate
                0x00000978       0x82 FreeRTOS/source/queue.o
                0x00000978                xQueueGenericCreate
 .text.xQueueGenericSend
                0x000009fa      0x124 FreeRTOS/source/queue.o
                0x000009fa                xQueueGenericSend
 .text.prvInitialiseMutex
                0x00000b1e       0x20 FreeRTOS/source/queue.o
 .text.xQueueCreateMutex
                0x00000b3e       0x1c FreeRTOS/source/queue.o
                0x00000b3e                xQueueCreateMutex
 .text.xQueueSemaphoreTake
                0x00000b5a      0x162 FreeRTOS/source/queue.o
                0x00000b5a                xQueueSemaphoreTake
 .text.prvResetNextTaskUnblockTime
                0x00000cbc       0x38 FreeRTOS/source/tasks.o
 .text.prvDeleteTCB
                0x00000cf4       0x1a FreeRTOS/source/tasks.o
 .text.prvInitialiseNewTask
                0x00000d0e      0x100 FreeRTOS/source/tasks.o
 .text.prvInitialiseTaskLists
                0x00000e0e       0x6e FreeRTOS/source/tasks.o
 .text.prvAddNewTaskToReadyList
                0x00000e7c       0xfa FreeRTOS/source/tasks.o
 .text.prvCheckTasksWaitingTermination
                0x00000f76       0x4c FreeRTOS/source/tasks.o
 .text.prvIdleTask
                0x00000fc2       0x12 FreeRTOS/source/tasks.o
 .text.prvAddCurrentTaskToDelayedList
                0x00000fd4      0x102 FreeRTOS/source/tasks.o
 .text.xTaskCreate
                0x000010d6       0xa8 FreeRTOS/source/tasks.o
                0x000010d6                xTaskCreate
 .text.vTaskStartScheduler
                0x0000117e       0x58 FreeRTOS/source/tasks.o
                0x0000117e                vTaskStartScheduler
 .text.vTaskSuspendAll
                0x000011d6        0xc FreeRTOS/source/tasks.o
                0x000011d6                vTaskSuspendAll
 .text.xTaskIncrementTick
                0x000011e2      0x234 FreeRTOS/source/tasks.o
                0x000011e2                xTaskIncrementTick
 .text.xTaskResumeAll
                0x00001416      0x1aa FreeRTOS/source/tasks.o
                0x00001416                xTaskResumeAll
 .text.vTaskSwitchContext
                0x000015c0       0xa8 FreeRTOS/source/tasks.o
                0x000015c0                vTaskSwitchContext
 .text.vTaskPlaceOnEventList
                0x00001668       0x24 FreeRTOS/source/tasks.o
                0x00001668                vTaskPlaceOnEventList
 .text.xTaskRemoveFromEventList
                0x0000168c      0x17a FreeRTOS/source/tasks.o
                0x0000168c                xTaskRemoveFromEventList
 .text.vTaskInternalSetTimeOutState
                0x00001806       0x16 FreeRTOS/source/tasks.o
                0x00001806                vTaskInternalSetTimeOutState
 .text.xTaskCheckForTimeOut
                0x0000181c       0x7e FreeRTOS/source/tasks.o
                0x0000181c                xTaskCheckForTimeOut
 .text.vTaskMissedYield
                0x0000189a        0x8 FreeRTOS/source/tasks.o
                0x0000189a                vTaskMissedYield
 .text.xTaskPriorityInherit
                0x000018a2      0x128 FreeRTOS/source/tasks.o
                0x000018a2                xTaskPriorityInherit
 .text.xTaskPriorityDisinherit
                0x000019ca       0xc6 FreeRTOS/source/tasks.o
                0x000019ca                xTaskPriorityDisinherit
 .text.vTaskPriorityDisinheritAfterTimeout
                0x00001a90       0xe6 FreeRTOS/source/tasks.o
                0x00001a90                vTaskPriorityDisinheritAfterTimeout
 .text.pvTaskIncrementMutexHeldCount
                0x00001b76       0x24 FreeRTOS/source/tasks.o
                0x00001b76                pvTaskIncrementMutexHeldCount
 .text.prints   0x00001b9a       0x26 main.o
                0x00001b9a                prints
 .text.printi   0x00001bc0       0xa0 main.o
                0x00001bc0                printi
 .text.task2    0x00001c60      0x108 main.o
                0x00001c60                task2
 .text.task1    0x00001d68       0xf4 main.o
                0x00001d68                task1
 .text.init     0x00001e5c        0x6 main.o
                0x00001e5c                init
 .text.main     0x00001e62       0x76 main.o
                0x00001e62                main
 .text.libgcc.div
                0x00001ed8       0x28 c:/program files (x86)/atmel/studio/7.0/toolchain/avr8/avr8-gnu-toolchain/bin/../lib/gcc/avr/5.4.0/avr5\libgcc.a(_udivmodhi4.o)
                0x00001ed8                __udivmodhi4
 .text.avr-libc
                0x00001f00       0x12 c:/program files (x86)/atmel/studio/7.0/toolchain/avr8/avr8-gnu-toolchain/bin/../lib/gcc/avr/5.4.0/../../../../avr/lib/avr5\libc.a(memcpy.o)
                0x00001f00                memcpy
                0x00001f12                . = ALIGN (0x2)
 *(.fini9)
 .fini9         0x00001f12        0x0 c:/program files (x86)/atmel/studio/7.0/toolchain/avr8/avr8-gnu-toolchain/bin/../lib/gcc/avr/5.4.0/avr5\libgcc.a(_exit.o)
                0x00001f12                _exit
                0x00001f12                exit
 *(.fini9)
 *(.fini8)
 *(.fini8)
 *(.fini7)
 *(.fini7)
 *(.fini6)
 *(.fini6)
 *(.fini5)
 *(.fini5)
 *(.fini4)
 *(.fini4)
 *(.fini3)
 *(.fini3)
 *(.fini2)
 *(.fini2)
 *(.fini1)
 *(.fini1)
 *(.fini0)
 .fini0         0x00001f12        0x4 c:/program files (x86)/atmel/studio/7.0/toolchain/avr8/avr8-gnu-toolchain/bin/../lib/gcc/avr/5.4.0/avr5\libgcc.a(_exit.o)
 *(.fini0)
                0x00001f16                _etext = .

.data           0x00800100       0x8e load address 0x00001f16
                0x00800100                PROVIDE (__data_start, .)
 *(.data)
 *(.data*)
 .data.xFreeBytesRemaining
                0x00800100        0x2 FreeRTOS/source/heap_2.o
 .data.uxTopUsedPriority
                0x00800102        0x1 FreeRTOS/source/tasks.o
                0x00800102                uxTopUsedPriority
 *(.gnu.linkonce.d*)
 *(.rodata)
 .rodata        0x00800103        0xa main.o
 *(.rodata*)
 .rodata.str1.1
                0x0080010d        0x5 FreeRTOS/source/tasks.o
 .rodata.str1.1
                0x00800112       0x7b main.o
                                 0x85 (size before relaxing)
 *(.gnu.linkonce.r*)
                0x0080018e                . = ALIGN (0x2)
 *fill*         0x0080018d        0x1 
                0x0080018e                _edata = .
                0x0080018e                PROVIDE (__data_end, .)

.bss            0x0080018e      0x652
                0x0080018e                PROVIDE (__bss_start, .)
 *(.bss)
 *(.bss*)
 .bss.xHeapHasBeenInitialised.2122
                0x0080018e        0x1 FreeRTOS/source/heap_2.o
 .bss.xEnd      0x0080018f        0x4 FreeRTOS/source/heap_2.o
 .bss.xStart    0x00800193        0x4 FreeRTOS/source/heap_2.o
 .bss.ucHeap    0x00800197      0x5dc FreeRTOS/source/heap_2.o
 .bss.uxSchedulerSuspended
                0x00800773        0x1 FreeRTOS/source/tasks.o
 .bss.xIdleTaskHandle
                0x00800774        0x2 FreeRTOS/source/tasks.o
 .bss.xNextTaskUnblockTime
                0x00800776        0x2 FreeRTOS/source/tasks.o
 .bss.uxTaskNumber
                0x00800778        0x1 FreeRTOS/source/tasks.o
 .bss.xNumOfOverflows
                0x00800779        0x1 FreeRTOS/source/tasks.o
 .bss.xYieldPending
                0x0080077a        0x1 FreeRTOS/source/tasks.o
 .bss.xPendedTicks
                0x0080077b        0x2 FreeRTOS/source/tasks.o
 .bss.xSchedulerRunning
                0x0080077d        0x1 FreeRTOS/source/tasks.o
 .bss.uxTopReadyPriority
                0x0080077e        0x1 FreeRTOS/source/tasks.o
 .bss.xTickCount
                0x0080077f        0x2 FreeRTOS/source/tasks.o
 .bss.uxCurrentNumberOfTasks
                0x00800781        0x1 FreeRTOS/source/tasks.o
 .bss.xSuspendedTaskList
                0x00800782        0x9 FreeRTOS/source/tasks.o
 .bss.uxDeletedTasksWaitingCleanUp
                0x0080078b        0x1 FreeRTOS/source/tasks.o
 .bss.xTasksWaitingTermination
                0x0080078c        0x9 FreeRTOS/source/tasks.o
 .bss.xPendingReadyList
                0x00800795        0x9 FreeRTOS/source/tasks.o
 .bss.pxOverflowDelayedTaskList
                0x0080079e        0x2 FreeRTOS/source/tasks.o
 .bss.pxDelayedTaskList
                0x008007a0        0x2 FreeRTOS/source/tasks.o
 .bss.xDelayedTaskList2
                0x008007a2        0x9 FreeRTOS/source/tasks.o
 .bss.xDelayedTaskList1
                0x008007ab        0x9 FreeRTOS/source/tasks.o
 .bss.pxReadyTasksLists
                0x008007b4       0x24 FreeRTOS/source/tasks.o
 .bss.pxCurrentTCB
                0x008007d8        0x2 FreeRTOS/source/tasks.o
                0x008007d8                pxCurrentTCB
 .bss.h_ctr     0x008007da        0x2 main.o
                0x008007da                h_ctr
 .bss.o_ctr     0x008007dc        0x2 main.o
                0x008007dc                o_ctr
 *(COMMON)
 COMMON         0x008007de        0x2 main.o
                0x008007de                Mutex1
                0x008007e0                PROVIDE (__bss_end, .)
                0x00001f16                __data_load_start = LOADADDR (.data)
                0x00001fa4                __data_load_end = (__data_load_start + SIZEOF (.data))

.noinit         0x008007e0        0x0
                [!provide]                PROVIDE (__noinit_start, .)
 *(.noinit*)
                [!provide]                PROVIDE (__noinit_end, .)
                0x008007e0                _end = .
                [!provide]                PROVIDE (__heap_start, .)

.eeprom         0x00810000        0x0
 *(.eeprom*)
                0x00810000                __eeprom_end = .

.fuse
 *(.fuse)
 *(.lfuse)
 *(.hfuse)
 *(.efuse)

.lock
 *(.lock*)

.signature
 *(.signature*)

.user_signatures
 *(.user_signatures*)

.stab
 *(.stab)

.stabstr
 *(.stabstr)

.stab.excl
 *(.stab.excl)

.stab.exclstr
 *(.stab.exclstr)

.stab.index
 *(.stab.index)

.stab.indexstr
 *(.stab.indexstr)

.comment        0x00000000       0x30
 *(.comment)
 .comment       0x00000000       0x30 drivers/GPIO.o
                                 0x31 (size before relaxing)
 .comment       0x00000030       0x31 drivers/uart.o
 .comment       0x00000030       0x31 FreeRTOS/portable/port.o
 .comment       0x00000030       0x31 FreeRTOS/source/heap_2.o
 .comment       0x00000030       0x31 FreeRTOS/source/list.o
 .comment       0x00000030       0x31 FreeRTOS/source/queue.o
 .comment       0x00000030       0x31 FreeRTOS/source/tasks.o
 .comment       0x00000030       0x31 main.o

.note.gnu.avr.deviceinfo
                0x00000000       0x40
 .note.gnu.avr.deviceinfo
                0x00000000       0x40 C:/Program Files (x86)/Atmel/Studio/7.0/Packs/atmel/ATmega_DFP/1.6.364/gcc/dev/atmega328p/avr5/crtatmega328p.o

.note.gnu.build-id
 *(.note.gnu.build-id)

.debug
 *(.debug)

.line
 *(.line)

.debug_srcinfo
 *(.debug_srcinfo)

.debug_sfnames
 *(.debug_sfnames)

.debug_aranges  0x00000000      0x460
 *(.debug_aranges)
 .debug_aranges
                0x00000000       0x40 drivers/GPIO.o
 .debug_aranges
                0x00000040       0x30 drivers/uart.o
 .debug_aranges
                0x00000070       0x50 FreeRTOS/portable/port.o
 .debug_aranges
                0x000000c0       0x40 FreeRTOS/source/heap_2.o
 .debug_aranges
                0x00000100       0x40 FreeRTOS/source/list.o
 .debug_aranges
                0x00000140      0x118 FreeRTOS/source/queue.o
 .debug_aranges
                0x00000258      0x1c0 FreeRTOS/source/tasks.o
 .debug_aranges
                0x00000418       0x48 main.o

.debug_pubnames
 *(.debug_pubnames)

.debug_info     0x00000000     0x5718
 *(.debug_info .gnu.linkonce.wi.*)
 .debug_info    0x00000000      0x5f4 C:/Program Files (x86)/Atmel/Studio/7.0/Packs/atmel/ATmega_DFP/1.6.364/gcc/dev/atmega328p/avr5/crtatmega328p.o
 .debug_info    0x000005f4      0x355 drivers/GPIO.o
 .debug_info    0x00000949       0xe4 drivers/uart.o
 .debug_info    0x00000a2d      0x24e FreeRTOS/portable/port.o
 .debug_info    0x00000c7b      0x31f FreeRTOS/source/heap_2.o
 .debug_info    0x00000f9a      0x2d8 FreeRTOS/source/list.o
 .debug_info    0x00001272     0x1ac7 FreeRTOS/source/queue.o
 .debug_info    0x00002d39     0x21d4 FreeRTOS/source/tasks.o
 .debug_info    0x00004f0d      0x80b main.o

.debug_abbrev   0x00000000     0x11e6
 *(.debug_abbrev)
 .debug_abbrev  0x00000000      0x5a2 C:/Program Files (x86)/Atmel/Studio/7.0/Packs/atmel/ATmega_DFP/1.6.364/gcc/dev/atmega328p/avr5/crtatmega328p.o
 .debug_abbrev  0x000005a2       0xf2 drivers/GPIO.o
 .debug_abbrev  0x00000694       0xa1 drivers/uart.o
 .debug_abbrev  0x00000735      0x143 FreeRTOS/portable/port.o
 .debug_abbrev  0x00000878      0x191 FreeRTOS/source/heap_2.o
 .debug_abbrev  0x00000a09       0xff FreeRTOS/source/list.o
 .debug_abbrev  0x00000b08      0x227 FreeRTOS/source/queue.o
 .debug_abbrev  0x00000d2f      0x2c8 FreeRTOS/source/tasks.o
 .debug_abbrev  0x00000ff7      0x1ef main.o

.debug_line     0x00000000     0x34a5
 *(.debug_line .debug_line.* .debug_line_end)
 .debug_line    0x00000000      0x134 C:/Program Files (x86)/Atmel/Studio/7.0/Packs/atmel/ATmega_DFP/1.6.364/gcc/dev/atmega328p/avr5/crtatmega328p.o
 .debug_line    0x00000134      0x361 drivers/GPIO.o
 .debug_line    0x00000495       0xff drivers/uart.o
 .debug_line    0x00000594      0x2c2 FreeRTOS/portable/port.o
 .debug_line    0x00000856      0x2fb FreeRTOS/source/heap_2.o
 .debug_line    0x00000b51      0x208 FreeRTOS/source/list.o
 .debug_line    0x00000d59      0xe24 FreeRTOS/source/queue.o
 .debug_line    0x00001b7d     0x15f0 FreeRTOS/source/tasks.o
 .debug_line    0x0000316d      0x338 main.o

.debug_frame    0x00000000      0xe08
 *(.debug_frame)
 .debug_frame   0x00000000       0x64 drivers/GPIO.o
 .debug_frame   0x00000064       0x44 drivers/uart.o
 .debug_frame   0x000000a8       0x84 FreeRTOS/portable/port.o
 .debug_frame   0x0000012c       0x98 FreeRTOS/source/heap_2.o
 .debug_frame   0x000001c4       0x88 FreeRTOS/source/list.o
 .debug_frame   0x0000024c      0x428 FreeRTOS/source/queue.o
 .debug_frame   0x00000674      0x6d8 FreeRTOS/source/tasks.o
 .debug_frame   0x00000d4c       0xbc main.o

.debug_str      0x00000000     0x192a
 *(.debug_str)
 .debug_str     0x00000000      0x208 C:/Program Files (x86)/Atmel/Studio/7.0/Packs/atmel/ATmega_DFP/1.6.364/gcc/dev/atmega328p/avr5/crtatmega328p.o
 .debug_str     0x00000208      0x15c drivers/GPIO.o
                                0x195 (size before relaxing)
 .debug_str     0x00000364       0x48 drivers/uart.o
                                0x1b8 (size before relaxing)
 .debug_str     0x000003ac      0x146 FreeRTOS/portable/port.o
                                0x2ca (size before relaxing)
 .debug_str     0x000004f2      0x181 FreeRTOS/source/heap_2.o
                                0x30e (size before relaxing)
 .debug_str     0x00000673      0x138 FreeRTOS/source/list.o
                                0x2ce (size before relaxing)
 .debug_str     0x000007ab      0x71d FreeRTOS/source/queue.o
                                0x9f7 (size before relaxing)
 .debug_str     0x00000ec8      0x9a9 FreeRTOS/source/tasks.o
                                0xee3 (size before relaxing)
 .debug_str     0x00001871       0xb9 main.o
                                0x30a (size before relaxing)

.debug_loc      0x00000000     0x5bad
 *(.debug_loc)
 .debug_loc     0x00000000      0x45a drivers/GPIO.o
 .debug_loc     0x0000045a      0x2a0 FreeRTOS/portable/port.o
 .debug_loc     0x000006fa      0x2bb FreeRTOS/source/heap_2.o
 .debug_loc     0x000009b5      0x145 FreeRTOS/source/list.o
 .debug_loc     0x00000afa     0x23b2 FreeRTOS/source/queue.o
 .debug_loc     0x00002eac     0x2907 FreeRTOS/source/tasks.o
 .debug_loc     0x000057b3      0x3fa main.o

.debug_macinfo
 *(.debug_macinfo)

.debug_weaknames
 *(.debug_weaknames)

.debug_funcnames
 *(.debug_funcnames)

.debug_typenames
 *(.debug_typenames)

.debug_varnames
 *(.debug_varnames)

.debug_pubtypes
 *(.debug_pubtypes)

.debug_ranges   0x00000000      0x498
 *(.debug_ranges)
 .debug_ranges  0x00000000       0x60 drivers/GPIO.o
 .debug_ranges  0x00000060       0x20 drivers/uart.o
 .debug_ranges  0x00000080       0x40 FreeRTOS/portable/port.o
 .debug_ranges  0x000000c0       0x30 FreeRTOS/source/heap_2.o
 .debug_ranges  0x000000f0       0x30 FreeRTOS/source/list.o
 .debug_ranges  0x00000120      0x150 FreeRTOS/source/queue.o
 .debug_ranges  0x00000270      0x1f0 FreeRTOS/source/tasks.o
 .debug_ranges  0x00000460       0x38 main.o

.debug_macro
 *(.debug_macro)
OUTPUT(lab6.elf elf32-avr)
LOAD linker stubs
